// Jest Snapshot v1, https://goo.gl/fbAQLP

exports[`Pruebas en <FirstApp2 /> debe de hacer match con el snapshot 1`] = `
<div>
  Hola Federico Mazzei, bienvenido!!!
  <h1
    data-testid="test-title"
  >
     
    Hola, soy Goku
     
  </h1>
  <p>
    No hay subtitulo
  </p>
  <p>
    No hay subtitulo
  </p>
</div>
`;
